Copyright 1986-2022 Xilinx, Inc. All Rights Reserved. Copyright 2022-2025 Advanced Micro Devices, Inc. All Rights Reserved.
-------------------------------------------------------------------------------------------------------------------------------------------------------------------
| Tool Version     : Vivado v.2025.2 (lin64) Build 6299465 Fri Nov 14 12:34:56 MST 2025
| Date             : Wed Mar  4 01:06:13 2026
| Host             : npc running 64-bit Arch Linux
| Command          : report_power -file minimal_wrapper_power_routed.rpt -pb minimal_wrapper_power_summary_routed.pb -rpx minimal_wrapper_power_routed.rpx
| Design           : minimal_wrapper
| Device           : xc7z010clg400-1
| Design State     : routed
| Grade            : commercial
| Process          : typical
| Characterization : Production
-------------------------------------------------------------------------------------------------------------------------------------------------------------------

Power Report

Table of Contents
-----------------
1. Summary
1.1 On-Chip Components
1.2 Power Supply Summary
1.3 Confidence Level
2. Settings
2.1 Environment
2.2 Clock Constraints
3. Detailed Reports
3.1 By Hierarchy

1. Summary
----------

+--------------------------+--------------+
| Total On-Chip Power (W)  | 1.417        |
| Design Power Budget (W)  | Unspecified* |
| Power Budget Margin (W)  | NA           |
| Dynamic (W)              | 1.298        |
| Device Static (W)        | 0.118        |
| Effective TJA (C/W)      | 11.5         |
| Max Ambient (C)          | 68.7         |
| Junction Temperature (C) | 41.3         |
| Confidence Level         | Low          |
| Setting File             | ---          |
| Simulation Activity File | ---          |
| Design Nets Matched      | NA           |
+--------------------------+--------------+
* Specify Design Power Budget using, set_operating_conditions -design_power_budget <value in Watts>


1.1 On-Chip Components
----------------------

+--------------------------+-----------+----------+-----------+-----------------+
| On-Chip                  | Power (W) | Used     | Available | Utilization (%) |
+--------------------------+-----------+----------+-----------+-----------------+
| Clocks                   |     0.041 |        5 |       --- |             --- |
| Slice Logic              |     0.032 |    20082 |       --- |             --- |
|   LUT as Logic           |     0.028 |     6922 |     17600 |           39.33 |
|   Register               |     0.002 |     9288 |     35200 |           26.39 |
|   CARRY4                 |     0.001 |      219 |      4400 |            4.98 |
|   LUT as Distributed RAM |    <0.001 |       12 |      6000 |            0.20 |
|   F7/F8 Muxes            |    <0.001 |        5 |     17600 |            0.03 |
|   BUFG                   |    <0.001 |        1 |        32 |            3.13 |
|   Others                 |     0.000 |     1828 |       --- |             --- |
|   LUT as Shift Register  |     0.000 |        2 |      6000 |            0.03 |
| Signals                  |     0.033 |    13145 |       --- |             --- |
| Block RAM                |     0.005 |       12 |        60 |           20.00 |
| I/O                      |     0.012 |       74 |       100 |           74.00 |
| PS7                      |     1.176 |        1 |       --- |             --- |
| Static Power             |     0.118 |          |           |                 |
| Total                    |     1.417 |          |           |                 |
+--------------------------+-----------+----------+-----------+-----------------+


1.2 Power Supply Summary
------------------------

+-----------+-------------+-----------+-------------+------------+-------------+-------------+------------+
| Source    | Voltage (V) | Total (A) | Dynamic (A) | Static (A) | Powerup (A) | Budget (A)  | Margin (A) |
+-----------+-------------+-----------+-------------+------------+-------------+-------------+------------+
| Vccint    |       1.000 |     0.117 |       0.110 |      0.007 |       NA    | Unspecified | NA         |
| Vccaux    |       1.800 |     0.008 |       0.000 |      0.008 |       NA    | Unspecified | NA         |
| Vcco33    |       3.300 |     0.004 |       0.003 |      0.001 |       NA    | Unspecified | NA         |
| Vcco25    |       2.500 |     0.000 |       0.000 |      0.000 |       NA    | Unspecified | NA         |
| Vcco18    |       1.800 |     0.000 |       0.000 |      0.000 |       NA    | Unspecified | NA         |
| Vcco15    |       1.500 |     0.000 |       0.000 |      0.000 |       NA    | Unspecified | NA         |
| Vcco135   |       1.350 |     0.000 |       0.000 |      0.000 |       NA    | Unspecified | NA         |
| Vcco12    |       1.200 |     0.000 |       0.000 |      0.000 |       NA    | Unspecified | NA         |
| Vccaux_io |       1.800 |     0.000 |       0.000 |      0.000 |       NA    | Unspecified | NA         |
| Vccbram   |       1.000 |     0.001 |       0.000 |      0.001 |       NA    | Unspecified | NA         |
| MGTAVcc   |       1.000 |     0.000 |       0.000 |      0.000 |       NA    | Unspecified | NA         |
| MGTAVtt   |       1.200 |     0.000 |       0.000 |      0.000 |       NA    | Unspecified | NA         |
| MGTVccaux |       1.800 |     0.000 |       0.000 |      0.000 |       NA    | Unspecified | NA         |
| Vccpint   |       1.000 |     0.692 |       0.665 |      0.027 |       NA    | Unspecified | NA         |
| Vccpaux   |       1.800 |     0.036 |       0.026 |      0.010 |       NA    | Unspecified | NA         |
| Vccpll    |       1.800 |     0.017 |       0.014 |      0.003 |       NA    | Unspecified | NA         |
| Vcco_ddr  |       1.350 |     0.321 |       0.319 |      0.002 |       NA    | Unspecified | NA         |
| Vcco_mio0 |       1.800 |     0.004 |       0.003 |      0.001 |       NA    | Unspecified | NA         |
| Vcco_mio1 |       1.800 |     0.002 |       0.001 |      0.001 |       NA    | Unspecified | NA         |
| Vccadc    |       1.800 |     0.020 |       0.000 |      0.020 |       NA    | Unspecified | NA         |
+-----------+-------------+-----------+-------------+------------+-------------+-------------+------------+


1.3 Confidence Level
--------------------

+-----------------------------+------------+--------------------------------------------------------+--------------------------------------------------------------------------------------------------------------------+
| User Input Data             | Confidence | Details                                                | Action                                                                                                             |
+-----------------------------+------------+--------------------------------------------------------+--------------------------------------------------------------------------------------------------------------------+
| Design implementation state | High       | Design is routed                                       |                                                                                                                    |
| Clock nodes activity        | Low        | User specified less than 75% of clocks                 | Provide missing clock activity with a constraint file, simulation results or by editing the "By Clock Domain" view |
| I/O nodes activity          | Low        | More than 75% of inputs are missing user specification | Provide missing input activity with simulation results or by editing the "By Resource Type -> I/Os" view           |
| Internal nodes activity     | Medium     | User specified less than 25% of internal nodes         | Provide missing internal nodes activity with simulation results or by editing the "By Resource Type" views         |
| Device models               | High       | Device models are Production                           |                                                                                                                    |
|                             |            |                                                        |                                                                                                                    |
| Overall confidence level    | Low        |                                                        |                                                                                                                    |
+-----------------------------+------------+--------------------------------------------------------+--------------------------------------------------------------------------------------------------------------------+


2. Settings
-----------

2.1 Environment
---------------

+-----------------------+------------------------+
| Ambient Temp (C)      | 25.0                   |
| ThetaJA (C/W)         | 11.5                   |
| Airflow (LFM)         | 250                    |
| Heat Sink             | none                   |
| ThetaSA (C/W)         | 0.0                    |
| Board Selection       | medium (10"x10")       |
| # of Board Layers     | 8to11 (8 to 11 Layers) |
| Board Temperature (C) | 25.0                   |
+-----------------------+------------------------+


2.2 Clock Constraints
---------------------

+----------------+------------------------------------------------------------+-----------------+
| Clock          | Domain                                                     | Constraint (ns) |
+----------------+------------------------------------------------------------+-----------------+
| ETH_MII_rx_clk | ETH_MII_rx_clk                                             |            40.0 |
| ETH_MII_tx_clk | ETH_MII_tx_clk                                             |            40.0 |
| clk_fpga_0     | minimal_i/processing_system7_0/inst/FCLK_CLK_unbuffered[0] |             6.7 |
+----------------+------------------------------------------------------------+-----------------+


3. Detailed Reports
-------------------

3.1 By Hierarchy
----------------

+--------------------------+-----------+
| Name                     | Power (W) |
+--------------------------+-----------+
| minimal_wrapper          |     1.298 |
|   SPI_0_sck_iobuf        |     0.001 |
|   SPI_1_sck_iobuf        |     0.001 |
|   SPI_2_sck_iobuf        |     0.001 |
|   SPI_3_sck_iobuf        |     0.001 |
|   SPI_4_sck_iobuf        |     0.001 |
|   SPI_5_sck_iobuf        |     0.001 |
|   SPI_6_sck_iobuf        |     0.001 |
|   SPI_7_sck_iobuf        |     0.001 |
|   minimal_i              |     1.286 |
|     axi_ethernetlite_0   |     0.014 |
|       U0                 |     0.014 |
|     axi_gpio_0           |     0.001 |
|       U0                 |     0.001 |
|     axi_quad_spi_0       |     0.009 |
|       U0                 |     0.009 |
|     axi_quad_spi_1       |     0.009 |
|       U0                 |     0.009 |
|     axi_quad_spi_2       |     0.009 |
|       U0                 |     0.009 |
|     axi_quad_spi_3       |     0.009 |
|       U0                 |     0.009 |
|     axi_quad_spi_4       |     0.009 |
|       U0                 |     0.009 |
|     axi_quad_spi_5       |     0.009 |
|       U0                 |     0.009 |
|     axi_quad_spi_6       |     0.009 |
|       U0                 |     0.009 |
|     axi_quad_spi_7       |     0.009 |
|       U0                 |     0.009 |
|     axi_smc              |     0.020 |
|       inst               |     0.020 |
|     processing_system7_0 |     1.177 |
|       inst               |     1.177 |
+--------------------------+-----------+


